[0m[1;1H[36mВВ[1;30mм[0;36mпп[1;30mп[0;36mВАппВБп[1mВ [0;36mн [1;30mАлВВБ[0;36mп[1mА[0;36mБп [1;30mп п  [0;36mпВ[1mА[30mп п  п [0;36mА    пБ[1;30mВВл[36mА[0mА[36mп   [1;30mпА п [0;36mм[1;30mм[36mмм[0;36mпп п [1;30mп пўўм[0;36mВВ[1;30mўпмВ п   [36mлллллллл[0;36mП   [1mлллл    лл[0;36mП    [1mлл[0;36mП [1mлл[0;36mП  [1mлл[0;36mП [1mлллллллл[0;36mП [1mлллллллл[0;36mП   [1;30mпВмм А пўмлмлп       [36mВВ[0;36mкФФй [1mВВ[0;36mП   [1mВВ[0;36mП [1mВВ[0;36mГ    [1mВВ[0;36mГ [1mВВВВ[0;36mП[1mВВ[0;36mГ [1mВВ[0;36mкФФФФФй РФФ[1mВВ[0;36mкФФй   [1;30mА пВп плм[1CВпмлВ      [36mББ[0;36mГ    [1mББ[0;36mГ   [1mББ[0;36mГ [1mББ[0;36mГ    [1mББ[0;36mГ [1mББ[0;36mГ[1mББББ[0;36mГ [1mББББ[0;36mП        [1mББ[0;36mГ        [1;30mпў пўВ
м оллн      [36mАА[0;36mГ    [1mАА[0;36mГ [1;37mўў[36mАА[0;36mГ [1mАА[0;36mГ[1mААА[0;36mП[1mАА[0;36mГ [1mАА[0;36mГР[1mААА[0;36mГ [1mАА[0;36mкФй        [1mАА[0;36mГ       [1;30mмВм лм мВ л[47mВ[40mлп      [0;36mллГ    РФлллл[1;37mўў[0;36mй  лллклллкй ллГ РллГ ллллллллП    ллГ      [1;30mмллп Вп В[1Cў   ў      [0;36mРФй      РФФФй [1;37mўў [0;36mРФФйРФФй  РФй  РФй РФФФФФФФй    РФй     [1;30mў п     ў[0;36mВВВ[1;30mм[0;36mпп[1;30mп[0;36mВАппВБп[1mВ [0;36mн [1;30mАлВВБ[0;36mп[1mА[0;36mБп [1;30mп п  [0;36mпВ[1mА[30mп п  п [0;36mА    пБ[1;30mВВл[36mА[0mА[36mп   [1;30mпА п [0;36mм[1;30mм[36mмм[0;36mпп п [1;30mп пўўм[0;36mВВ
